/Users/connor/Documents/F10.7_Prediction/env/lib/python3.14/site-packages/lightgbm/sklearn.py:1106: LGBMDeprecationWarning: The argument 'eval_set' is deprecated, use 'eval_X' and 'eval_y' instead.
  eval_set = _validate_eval_set_Xy(eval_set=eval_set, eval_X=eval_X, eval_y=eval_y)
/Users/connor/Documents/F10.7_Prediction/env/lib/python3.14/site-packages/sklearn/utils/validation.py:2827: UserWarning: X does not have valid feature names, but LGBMRegressor was fitted with feature names
  warnings.warn(
/Users/connor/Documents/F10.7_Prediction/env/lib/python3.14/site-packages/sklearn/utils/validation.py:2827: UserWarning: X does not have valid feature names, but LGBMRegressor was fitted with feature names
  warnings.warn(
/Users/connor/Documents/F10.7_Prediction/env/lib/python3.14/site-packages/lightgbm/sklearn.py:1106: LGBMDeprecationWarning: The argument 'eval_set' is deprecated, use 'eval_X' and 'eval_y' instead.
  eval_set = _validate_eval_set_Xy(eval_set=eval_set, eval_X=eval_X, eval_y=eval_y)
/Users/connor/Documents/F10.7_Prediction/env/lib/python3.14/site-packages/sklearn/utils/validation.py:2827: UserWarning: X does not have valid feature names, but LGBMRegressor was fitted with feature names
  warnings.warn(
/Users/connor/Documents/F10.7_Prediction/env/lib/python3.14/site-packages/sklearn/utils/validation.py:2827: UserWarning: X does not have valid feature names, but LGBMRegressor was fitted with feature names
  warnings.warn(
/Users/connor/Documents/F10.7_Prediction/env/lib/python3.14/site-packages/lightgbm/sklearn.py:1106: LGBMDeprecationWarning: The argument 'eval_set' is deprecated, use 'eval_X' and 'eval_y' instead.
  eval_set = _validate_eval_set_Xy(eval_set=eval_set, eval_X=eval_X, eval_y=eval_y)
/Users/connor/Documents/F10.7_Prediction/env/lib/python3.14/site-packages/sklearn/utils/validation.py:2827: UserWarning: X does not have valid feature names, but LGBMRegressor was fitted with feature names
  warnings.warn(
/Users/connor/Documents/F10.7_Prediction/env/lib/python3.14/site-packages/sklearn/utils/validation.py:2827: UserWarning: X does not have valid feature names, but LGBMRegressor was fitted with feature names
  warnings.warn(
/Users/connor/Documents/F10.7_Prediction/env/lib/python3.14/site-packages/lightgbm/sklearn.py:1106: LGBMDeprecationWarning: The argument 'eval_set' is deprecated, use 'eval_X' and 'eval_y' instead.
  eval_set = _validate_eval_set_Xy(eval_set=eval_set, eval_X=eval_X, eval_y=eval_y)
/Users/connor/Documents/F10.7_Prediction/env/lib/python3.14/site-packages/sklearn/utils/validation.py:2827: UserWarning: X does not have valid feature names, but LGBMRegressor was fitted with feature names
  warnings.warn(
/Users/connor/Documents/F10.7_Prediction/env/lib/python3.14/site-packages/sklearn/utils/validation.py:2827: UserWarning: X does not have valid feature names, but LGBMRegressor was fitted with feature names
  warnings.warn(
/Users/connor/Documents/F10.7_Prediction/env/lib/python3.14/site-packages/lightgbm/sklearn.py:1106: LGBMDeprecationWarning: The argument 'eval_set' is deprecated, use 'eval_X' and 'eval_y' instead.
  eval_set = _validate_eval_set_Xy(eval_set=eval_set, eval_X=eval_X, eval_y=eval_y)
/Users/connor/Documents/F10.7_Prediction/env/lib/python3.14/site-packages/sklearn/utils/validation.py:2827: UserWarning: X does not have valid feature names, but LGBMRegressor was fitted with feature names
  warnings.warn(
/Users/connor/Documents/F10.7_Prediction/env/lib/python3.14/site-packages/sklearn/utils/validation.py:2827: UserWarning: X does not have valid feature names, but LGBMRegressor was fitted with feature names
  warnings.warn(
/Users/connor/Documents/F10.7_Prediction/env/lib/python3.14/site-packages/lightgbm/sklearn.py:1106: LGBMDeprecationWarning: The argument 'eval_set' is deprecated, use 'eval_X' and 'eval_y' instead.
  eval_set = _validate_eval_set_Xy(eval_set=eval_set, eval_X=eval_X, eval_y=eval_y)
/Users/connor/Documents/F10.7_Prediction/env/lib/python3.14/site-packages/sklearn/utils/validation.py:2827: UserWarning: X does not have valid feature names, but LGBMRegressor was fitted with feature names
  warnings.warn(
/Users/connor/Documents/F10.7_Prediction/env/lib/python3.14/site-packages/sklearn/utils/validation.py:2827: UserWarning: X does not have valid feature names, but LGBMRegressor was fitted with feature names
  warnings.warn(
/Users/connor/Documents/F10.7_Prediction/env/lib/python3.14/site-packages/lightgbm/sklearn.py:1106: LGBMDeprecationWarning: The argument 'eval_set' is deprecated, use 'eval_X' and 'eval_y' instead.
  eval_set = _validate_eval_set_Xy(eval_set=eval_set, eval_X=eval_X, eval_y=eval_y)
/Users/connor/Documents/F10.7_Prediction/env/lib/python3.14/site-packages/sklearn/utils/validation.py:2827: UserWarning: X does not have valid feature names, but LGBMRegressor was fitted with feature names
  warnings.warn(
/Users/connor/Documents/F10.7_Prediction/env/lib/python3.14/site-packages/sklearn/utils/validation.py:2827: UserWarning: X does not have valid feature names, but LGBMRegressor was fitted with feature names
  warnings.warn(
/Users/connor/Documents/F10.7_Prediction/env/lib/python3.14/site-packages/lightgbm/sklearn.py:1106: LGBMDeprecationWarning: The argument 'eval_set' is deprecated, use 'eval_X' and 'eval_y' instead.
  eval_set = _validate_eval_set_Xy(eval_set=eval_set, eval_X=eval_X, eval_y=eval_y)
/Users/connor/Documents/F10.7_Prediction/env/lib/python3.14/site-packages/sklearn/utils/validation.py:2827: UserWarning: X does not have valid feature names, but LGBMRegressor was fitted with feature names
  warnings.warn(
/Users/connor/Documents/F10.7_Prediction/env/lib/python3.14/site-packages/sklearn/utils/validation.py:2827: UserWarning: X does not have valid feature names, but LGBMRegressor was fitted with feature names
  warnings.warn(
/Users/connor/Documents/F10.7_Prediction/env/lib/python3.14/site-packages/lightgbm/sklearn.py:1106: LGBMDeprecationWarning: The argument 'eval_set' is deprecated, use 'eval_X' and 'eval_y' instead.
  eval_set = _validate_eval_set_Xy(eval_set=eval_set, eval_X=eval_X, eval_y=eval_y)
/Users/connor/Documents/F10.7_Prediction/env/lib/python3.14/site-packages/sklearn/utils/validation.py:2827: UserWarning: X does not have valid feature names, but LGBMRegressor was fitted with feature names
  warnings.warn(
/Users/connor/Documents/F10.7_Prediction/env/lib/python3.14/site-packages/sklearn/utils/validation.py:2827: UserWarning: X does not have valid feature names, but LGBMRegressor was fitted with feature names
  warnings.warn(
/Users/connor/Documents/F10.7_Prediction/env/lib/python3.14/site-packages/lightgbm/sklearn.py:1106: LGBMDeprecationWarning: The argument 'eval_set' is deprecated, use 'eval_X' and 'eval_y' instead.
  eval_set = _validate_eval_set_Xy(eval_set=eval_set, eval_X=eval_X, eval_y=eval_y)
/Users/connor/Documents/F10.7_Prediction/env/lib/python3.14/site-packages/sklearn/utils/validation.py:2827: UserWarning: X does not have valid feature names, but LGBMRegressor was fitted with feature names
  warnings.warn(
/Users/connor/Documents/F10.7_Prediction/env/lib/python3.14/site-packages/sklearn/utils/validation.py:2827: UserWarning: X does not have valid feature names, but LGBMRegressor was fitted with feature names
  warnings.warn(
/Users/connor/Documents/F10.7_Prediction/env/lib/python3.14/site-packages/lightgbm/sklearn.py:1106: LGBMDeprecationWarning: The argument 'eval_set' is deprecated, use 'eval_X' and 'eval_y' instead.
  eval_set = _validate_eval_set_Xy(eval_set=eval_set, eval_X=eval_X, eval_y=eval_y)
/Users/connor/Documents/F10.7_Prediction/env/lib/python3.14/site-packages/sklearn/utils/validation.py:2827: UserWarning: X does not have valid feature names, but LGBMRegressor was fitted with feature names
  warnings.warn(
/Users/connor/Documents/F10.7_Prediction/env/lib/python3.14/site-packages/sklearn/utils/validation.py:2827: UserWarning: X does not have valid feature names, but LGBMRegressor was fitted with feature names
  warnings.warn(
/Users/connor/Documents/F10.7_Prediction/env/lib/python3.14/site-packages/lightgbm/sklearn.py:1106: LGBMDeprecationWarning: The argument 'eval_set' is deprecated, use 'eval_X' and 'eval_y' instead.
  eval_set = _validate_eval_set_Xy(eval_set=eval_set, eval_X=eval_X, eval_y=eval_y)
/Users/connor/Documents/F10.7_Prediction/env/lib/python3.14/site-packages/sklearn/utils/validation.py:2827: UserWarning: X does not have valid feature names, but LGBMRegressor was fitted with feature names
  warnings.warn(
/Users/connor/Documents/F10.7_Prediction/env/lib/python3.14/site-packages/sklearn/utils/validation.py:2827: UserWarning: X does not have valid feature names, but LGBMRegressor was fitted with feature names
  warnings.warn(
/Users/connor/Documents/F10.7_Prediction/env/lib/python3.14/site-packages/lightgbm/sklearn.py:1106: LGBMDeprecationWarning: The argument 'eval_set' is deprecated, use 'eval_X' and 'eval_y' instead.
  eval_set = _validate_eval_set_Xy(eval_set=eval_set, eval_X=eval_X, eval_y=eval_y)
/Users/connor/Documents/F10.7_Prediction/env/lib/python3.14/site-packages/sklearn/utils/validation.py:2827: UserWarning: X does not have valid feature names, but LGBMRegressor was fitted with feature names
  warnings.warn(
/Users/connor/Documents/F10.7_Prediction/env/lib/python3.14/site-packages/sklearn/utils/validation.py:2827: UserWarning: X does not have valid feature names, but LGBMRegressor was fitted with feature names
  warnings.warn(
/Users/connor/Documents/F10.7_Prediction/env/lib/python3.14/site-packages/lightgbm/sklearn.py:1106: LGBMDeprecationWarning: The argument 'eval_set' is deprecated, use 'eval_X' and 'eval_y' instead.
  eval_set = _validate_eval_set_Xy(eval_set=eval_set, eval_X=eval_X, eval_y=eval_y)
/Users/connor/Documents/F10.7_Prediction/env/lib/python3.14/site-packages/sklearn/utils/validation.py:2827: UserWarning: X does not have valid feature names, but LGBMRegressor was fitted with feature names
  warnings.warn(
/Users/connor/Documents/F10.7_Prediction/env/lib/python3.14/site-packages/sklearn/utils/validation.py:2827: UserWarning: X does not have valid feature names, but LGBMRegressor was fitted with feature names
  warnings.warn(
/Users/connor/Documents/F10.7_Prediction/env/lib/python3.14/site-packages/lightgbm/sklearn.py:1106: LGBMDeprecationWarning: The argument 'eval_set' is deprecated, use 'eval_X' and 'eval_y' instead.
  eval_set = _validate_eval_set_Xy(eval_set=eval_set, eval_X=eval_X, eval_y=eval_y)
/Users/connor/Documents/F10.7_Prediction/env/lib/python3.14/site-packages/sklearn/utils/validation.py:2827: UserWarning: X does not have valid feature names, but LGBMRegressor was fitted with feature names
  warnings.warn(
/Users/connor/Documents/F10.7_Prediction/env/lib/python3.14/site-packages/sklearn/utils/validation.py:2827: UserWarning: X does not have valid feature names, but LGBMRegressor was fitted with feature names
  warnings.warn(
/Users/connor/Documents/F10.7_Prediction/env/lib/python3.14/site-packages/lightgbm/sklearn.py:1106: LGBMDeprecationWarning: The argument 'eval_set' is deprecated, use 'eval_X' and 'eval_y' instead.
  eval_set = _validate_eval_set_Xy(eval_set=eval_set, eval_X=eval_X, eval_y=eval_y)
/Users/connor/Documents/F10.7_Prediction/env/lib/python3.14/site-packages/sklearn/utils/validation.py:2827: UserWarning: X does not have valid feature names, but LGBMRegressor was fitted with feature names
  warnings.warn(
/Users/connor/Documents/F10.7_Prediction/env/lib/python3.14/site-packages/sklearn/utils/validation.py:2827: UserWarning: X does not have valid feature names, but LGBMRegressor was fitted with feature names
  warnings.warn(
/Users/connor/Documents/F10.7_Prediction/env/lib/python3.14/site-packages/lightgbm/sklearn.py:1106: LGBMDeprecationWarning: The argument 'eval_set' is deprecated, use 'eval_X' and 'eval_y' instead.
  eval_set = _validate_eval_set_Xy(eval_set=eval_set, eval_X=eval_X, eval_y=eval_y)
/Users/connor/Documents/F10.7_Prediction/env/lib/python3.14/site-packages/sklearn/utils/validation.py:2827: UserWarning: X does not have valid feature names, but LGBMRegressor was fitted with feature names
  warnings.warn(
/Users/connor/Documents/F10.7_Prediction/env/lib/python3.14/site-packages/sklearn/utils/validation.py:2827: UserWarning: X does not have valid feature names, but LGBMRegressor was fitted with feature names
  warnings.warn(
/Users/connor/Documents/F10.7_Prediction/env/lib/python3.14/site-packages/lightgbm/sklearn.py:1106: LGBMDeprecationWarning: The argument 'eval_set' is deprecated, use 'eval_X' and 'eval_y' instead.
  eval_set = _validate_eval_set_Xy(eval_set=eval_set, eval_X=eval_X, eval_y=eval_y)
/Users/connor/Documents/F10.7_Prediction/env/lib/python3.14/site-packages/sklearn/utils/validation.py:2827: UserWarning: X does not have valid feature names, but LGBMRegressor was fitted with feature names
  warnings.warn(
/Users/connor/Documents/F10.7_Prediction/env/lib/python3.14/site-packages/sklearn/utils/validation.py:2827: UserWarning: X does not have valid feature names, but LGBMRegressor was fitted with feature names
  warnings.warn(
/Users/connor/Documents/F10.7_Prediction/env/lib/python3.14/site-packages/lightgbm/sklearn.py:1106: LGBMDeprecationWarning: The argument 'eval_set' is deprecated, use 'eval_X' and 'eval_y' instead.
  eval_set = _validate_eval_set_Xy(eval_set=eval_set, eval_X=eval_X, eval_y=eval_y)
/Users/connor/Documents/F10.7_Prediction/env/lib/python3.14/site-packages/sklearn/utils/validation.py:2827: UserWarning: X does not have valid feature names, but LGBMRegressor was fitted with feature names
  warnings.warn(
/Users/connor/Documents/F10.7_Prediction/env/lib/python3.14/site-packages/sklearn/utils/validation.py:2827: UserWarning: X does not have valid feature names, but LGBMRegressor was fitted with feature names
  warnings.warn(
/Users/connor/Documents/F10.7_Prediction/env/lib/python3.14/site-packages/lightgbm/sklearn.py:1106: LGBMDeprecationWarning: The argument 'eval_set' is deprecated, use 'eval_X' and 'eval_y' instead.
  eval_set = _validate_eval_set_Xy(eval_set=eval_set, eval_X=eval_X, eval_y=eval_y)
/Users/connor/Documents/F10.7_Prediction/env/lib/python3.14/site-packages/sklearn/utils/validation.py:2827: UserWarning: X does not have valid feature names, but LGBMRegressor was fitted with feature names
  warnings.warn(
/Users/connor/Documents/F10.7_Prediction/env/lib/python3.14/site-packages/sklearn/utils/validation.py:2827: UserWarning: X does not have valid feature names, but LGBMRegressor was fitted with feature names
  warnings.warn(
/Users/connor/Documents/F10.7_Prediction/env/lib/python3.14/site-packages/lightgbm/sklearn.py:1106: LGBMDeprecationWarning: The argument 'eval_set' is deprecated, use 'eval_X' and 'eval_y' instead.
  eval_set = _validate_eval_set_Xy(eval_set=eval_set, eval_X=eval_X, eval_y=eval_y)
/Users/connor/Documents/F10.7_Prediction/env/lib/python3.14/site-packages/sklearn/utils/validation.py:2827: UserWarning: X does not have valid feature names, but LGBMRegressor was fitted with feature names
  warnings.warn(
/Users/connor/Documents/F10.7_Prediction/env/lib/python3.14/site-packages/sklearn/utils/validation.py:2827: UserWarning: X does not have valid feature names, but LGBMRegressor was fitted with feature names
  warnings.warn(
/Users/connor/Documents/F10.7_Prediction/env/lib/python3.14/site-packages/lightgbm/sklearn.py:1106: LGBMDeprecationWarning: The argument 'eval_set' is deprecated, use 'eval_X' and 'eval_y' instead.
  eval_set = _validate_eval_set_Xy(eval_set=eval_set, eval_X=eval_X, eval_y=eval_y)
/Users/connor/Documents/F10.7_Prediction/env/lib/python3.14/site-packages/sklearn/utils/validation.py:2827: UserWarning: X does not have valid feature names, but LGBMRegressor was fitted with feature names
  warnings.warn(
/Users/connor/Documents/F10.7_Prediction/env/lib/python3.14/site-packages/sklearn/utils/validation.py:2827: UserWarning: X does not have valid feature names, but LGBMRegressor was fitted with feature names
  warnings.warn(
/Users/connor/Documents/F10.7_Prediction/env/lib/python3.14/site-packages/lightgbm/sklearn.py:1106: LGBMDeprecationWarning: The argument 'eval_set' is deprecated, use 'eval_X' and 'eval_y' instead.
  eval_set = _validate_eval_set_Xy(eval_set=eval_set, eval_X=eval_X, eval_y=eval_y)
/Users/connor/Documents/F10.7_Prediction/env/lib/python3.14/site-packages/sklearn/utils/validation.py:2827: UserWarning: X does not have valid feature names, but LGBMRegressor was fitted with feature names
  warnings.warn(
/Users/connor/Documents/F10.7_Prediction/env/lib/python3.14/site-packages/sklearn/utils/validation.py:2827: UserWarning: X does not have valid feature names, but LGBMRegressor was fitted with feature names
  warnings.warn(
/Users/connor/Documents/F10.7_Prediction/env/lib/python3.14/site-packages/lightgbm/sklearn.py:1106: LGBMDeprecationWarning: The argument 'eval_set' is deprecated, use 'eval_X' and 'eval_y' instead.
  eval_set = _validate_eval_set_Xy(eval_set=eval_set, eval_X=eval_X, eval_y=eval_y)
/Users/connor/Documents/F10.7_Prediction/env/lib/python3.14/site-packages/sklearn/utils/validation.py:2827: UserWarning: X does not have valid feature names, but LGBMRegressor was fitted with feature names
  warnings.warn(
/Users/connor/Documents/F10.7_Prediction/env/lib/python3.14/site-packages/sklearn/utils/validation.py:2827: UserWarning: X does not have valid feature names, but LGBMRegressor was fitted with feature names
  warnings.warn(
/Users/connor/Documents/F10.7_Prediction/env/lib/python3.14/site-packages/lightgbm/sklearn.py:1106: LGBMDeprecationWarning: The argument 'eval_set' is deprecated, use 'eval_X' and 'eval_y' instead.
  eval_set = _validate_eval_set_Xy(eval_set=eval_set, eval_X=eval_X, eval_y=eval_y)
/Users/connor/Documents/F10.7_Prediction/env/lib/python3.14/site-packages/sklearn/utils/validation.py:2827: UserWarning: X does not have valid feature names, but LGBMRegressor was fitted with feature names
  warnings.warn(
/Users/connor/Documents/F10.7_Prediction/env/lib/python3.14/site-packages/sklearn/utils/validation.py:2827: UserWarning: X does not have valid feature names, but LGBMRegressor was fitted with feature names
  warnings.warn(
/Users/connor/Documents/F10.7_Prediction/env/lib/python3.14/site-packages/lightgbm/sklearn.py:1106: LGBMDeprecationWarning: The argument 'eval_set' is deprecated, use 'eval_X' and 'eval_y' instead.
  eval_set = _validate_eval_set_Xy(eval_set=eval_set, eval_X=eval_X, eval_y=eval_y)
/Users/connor/Documents/F10.7_Prediction/env/lib/python3.14/site-packages/sklearn/utils/validation.py:2827: UserWarning: X does not have valid feature names, but LGBMRegressor was fitted with feature names
  warnings.warn(
/Users/connor/Documents/F10.7_Prediction/env/lib/python3.14/site-packages/sklearn/utils/validation.py:2827: UserWarning: X does not have valid feature names, but LGBMRegressor was fitted with feature names
  warnings.warn(
/Users/connor/Documents/F10.7_Prediction/env/lib/python3.14/site-packages/lightgbm/sklearn.py:1106: LGBMDeprecationWarning: The argument 'eval_set' is deprecated, use 'eval_X' and 'eval_y' instead.
  eval_set = _validate_eval_set_Xy(eval_set=eval_set, eval_X=eval_X, eval_y=eval_y)
/Users/connor/Documents/F10.7_Prediction/env/lib/python3.14/site-packages/sklearn/utils/validation.py:2827: UserWarning: X does not have valid feature names, but LGBMRegressor was fitted with feature names
  warnings.warn(
/Users/connor/Documents/F10.7_Prediction/env/lib/python3.14/site-packages/sklearn/utils/validation.py:2827: UserWarning: X does not have valid feature names, but LGBMRegressor was fitted with feature names
  warnings.warn(
/Users/connor/Documents/F10.7_Prediction/env/lib/python3.14/site-packages/lightgbm/sklearn.py:1106: LGBMDeprecationWarning: The argument 'eval_set' is deprecated, use 'eval_X' and 'eval_y' instead.
  eval_set = _validate_eval_set_Xy(eval_set=eval_set, eval_X=eval_X, eval_y=eval_y)
/Users/connor/Documents/F10.7_Prediction/env/lib/python3.14/site-packages/sklearn/utils/validation.py:2827: UserWarning: X does not have valid feature names, but LGBMRegressor was fitted with feature names
  warnings.warn(
/Users/connor/Documents/F10.7_Prediction/env/lib/python3.14/site-packages/sklearn/utils/validation.py:2827: UserWarning: X does not have valid feature names, but LGBMRegressor was fitted with feature names
  warnings.warn(
/Users/connor/Documents/F10.7_Prediction/env/lib/python3.14/site-packages/lightgbm/sklearn.py:1106: LGBMDeprecationWarning: The argument 'eval_set' is deprecated, use 'eval_X' and 'eval_y' instead.
  eval_set = _validate_eval_set_Xy(eval_set=eval_set, eval_X=eval_X, eval_y=eval_y)
/Users/connor/Documents/F10.7_Prediction/env/lib/python3.14/site-packages/sklearn/utils/validation.py:2827: UserWarning: X does not have valid feature names, but LGBMRegressor was fitted with feature names
  warnings.warn(
/Users/connor/Documents/F10.7_Prediction/env/lib/python3.14/site-packages/sklearn/utils/validation.py:2827: UserWarning: X does not have valid feature names, but LGBMRegressor was fitted with feature names
  warnings.warn(
/Users/connor/Documents/F10.7_Prediction/env/lib/python3.14/site-packages/lightgbm/sklearn.py:1106: LGBMDeprecationWarning: The argument 'eval_set' is deprecated, use 'eval_X' and 'eval_y' instead.
  eval_set = _validate_eval_set_Xy(eval_set=eval_set, eval_X=eval_X, eval_y=eval_y)
/Users/connor/Documents/F10.7_Prediction/env/lib/python3.14/site-packages/sklearn/utils/validation.py:2827: UserWarning: X does not have valid feature names, but LGBMRegressor was fitted with feature names
  warnings.warn(
/Users/connor/Documents/F10.7_Prediction/env/lib/python3.14/site-packages/sklearn/utils/validation.py:2827: UserWarning: X does not have valid feature names, but LGBMRegressor was fitted with feature names
  warnings.warn(
train (9347, 720)  val (730, 720)  test (882, 720)
lead  1: best_iter  272
lead  2: best_iter  238
lead  3: best_iter  217
lead  4: best_iter  159
lead  5: best_iter  168
lead  6: best_iter  171
lead  7: best_iter  153
lead  8: best_iter  165
lead  9: best_iter  201
lead 10: best_iter  149
lead 11: best_iter   85
lead 12: best_iter  152
lead 13: best_iter  104
lead 14: best_iter  105
lead 15: best_iter  103
lead 16: best_iter  156
lead 17: best_iter  123
lead 18: best_iter  173
lead 19: best_iter  137
lead 20: best_iter  119
lead 21: best_iter  121
lead 22: best_iter   86
lead 23: best_iter  104
lead 24: best_iter  139
lead 25: best_iter  136
lead 26: best_iter  108
lead 27: best_iter   98
lead 28: best_iter  111
lead 29: best_iter  100
lead 30: best_iter  124
map: pred q99 184 -> 221, hi-slope 2.62, lo-slope 0.88
wrote /Users/connor/Documents/F10.7_Prediction/experiments/horizon_matrix/F107_E08_tailcal/out/predictions.csv: 882 origins x 30 leads
